listen
    type linemode
        2003 proto tcp
        2003 proto udp
        /tmp/.s.carbon-c-relay.2003 proto unix
    ;

statistics
    submit every 60 seconds
    prefix with carbon.relays.test_hostname
    ;

cluster blabla-1
    jump_fnv1a_ch replication 1
        10.1.1.45:2003=9
        10.1.1.40:2003=11
        10.1.1.24:2003=8
        10.1.2.26:2003=2
        10.1.2.33:2003=1
        10.1.2.7:2003=5
        10.1.2.9:2003=6
        10.1.2.3:2003=3
        10.1.2.4:2003=4
        10.1.2.21:2003=7
        10.1.2.1:2003=0
        10.1.2.39:2003=10
    ;
# hash ring for blabla-1 follows
   10@10.1.2.1:2003=0          4@10.1.2.33:2003=1         3@10.1.2.26:2003=2    
    7@10.1.2.3:2003=3          8@10.1.2.4:2003=4          5@10.1.2.7:2003=5     
    6@10.1.2.9:2003=6          9@10.1.2.21:2003=7         2@10.1.1.24:2003=8    
    0@10.1.1.45:2003=9        11@10.1.2.39:2003=10        1@10.1.1.40:2003=11   

match *
    send to blabla-1
    ;

