listen
    type linemode
        2003 proto tcp
        2003 proto udp
        /tmp/.s.carbon-c-relay.2003 proto unix
    ;

statistics
    submit every 60 seconds
    prefix with carbon.relays.test_hostname
    ;

cluster crash
    fnv1a_ch replication 1
        127.0.0.1:2003
        127.0.0.2:2003
        127.0.0.3:2003
        127.0.0.4:2003
        127.0.0.5:2003
        127.0.0.6:2003
        127.0.0.7:2003
        127.0.0.8:2003
        127.0.0.9:2003
        127.0.0.10:2003
        127.0.0.11:2003
        127.0.0.12:2003
        127.0.0.13:2003
        127.0.0.14:2003
        127.0.0.15:2003
        127.0.0.16:2003
        127.0.0.17:2003
        127.0.0.18:2003
        127.0.0.19:2003
        127.0.0.20:2003
        127.0.0.21:2003
        127.0.0.22:2003
        127.0.0.23:2003
        127.0.0.24:2003
        127.0.0.25:2003
    ;


